// Jest Snapshot v1, https://goo.gl/fbAQLP

exports[`instruments: sum return correct answer 1`] = `20`;
